Running make_gif_summary.py...
/gpfs/users/restrepoda/Embedding-Alignment/Embedding-Alignment/scripts/make_gif_summary.py:224: UserWarning: Tight layout not applied. The left and right margins cannot be made large enough to accommodate all Axes decorations.
  plt.tight_layout()
/gpfs/users/restrepoda/Embedding-Alignment/Embedding-Alignment/scripts/make_gif_summary.py:224: UserWarning: Tight layout not applied. The left and right margins cannot be made large enough to accommodate all Axes decorations.
  plt.tight_layout()
/gpfs/users/restrepoda/Embedding-Alignment/Embedding-Alignment/scripts/make_gif_summary.py:224: UserWarning: Tight layout not applied. The left and right margins cannot be made large enough to accommodate all Axes decorations.
  plt.tight_layout()
/gpfs/users/restrepoda/Embedding-Alignment/Embedding-Alignment/scripts/make_gif_summary.py:224: UserWarning: Tight layout not applied. The left and right margins cannot be made large enough to accommodate all Axes decorations.
  plt.tight_layout()
/gpfs/users/restrepoda/Embedding-Alignment/Embedding-Alignment/scripts/make_gif_summary.py:224: UserWarning: Tight layout not applied. The left and right margins cannot be made large enough to accommodate all Axes decorations.
  plt.tight_layout()
/gpfs/users/restrepoda/Embedding-Alignment/Embedding-Alignment/scripts/make_gif_summary.py:224: UserWarning: Tight layout not applied. The left and right margins cannot be made large enough to accommodate all Axes decorations.
  plt.tight_layout()
/gpfs/users/restrepoda/Embedding-Alignment/Embedding-Alignment/scripts/make_gif_summary.py:224: UserWarning: Tight layout not applied. The left and right margins cannot be made large enough to accommodate all Axes decorations.
  plt.tight_layout()
/gpfs/users/restrepoda/Embedding-Alignment/Embedding-Alignment/scripts/make_gif_summary.py:224: UserWarning: Tight layout not applied. The left and right margins cannot be made large enough to accommodate all Axes decorations.
  plt.tight_layout()
Pre-loading data...
Loaded mimic-CLIP: 20000 samples
Loaded mimic-SigLIP: 20000 samples
Loaded mimic-BioMedCLIP: 20000 samples
Loaded mimic-MedSigLIP: 20000 samples
Loaded mbrset-CLIP: 4884 samples
Loaded mbrset-SigLIP: 4884 samples
Loaded mbrset-BioMedCLIP: 4884 samples
Loaded mbrset-MedSigLIP: 4884 samples
Loaded coco-qa-CLIP: 20000 samples
Loaded coco-qa-SigLIP: 20000 samples
Loaded coco-qa-BioMedCLIP: 20000 samples
Loaded coco-qa-MedSigLIP: 20000 samples
Loaded fakeddit-CLIP: 20000 samples
Loaded fakeddit-SigLIP: 20000 samples
Loaded fakeddit-BioMedCLIP: 20000 samples
Loaded fakeddit-MedSigLIP: 20000 samples
Generating 2D frames...
Generating Frame 0 (Lambda=0.0)...
Generating Frame 1 (Lambda=0.1)...
Generating Frame 2 (Lambda=0.2)...
Generating Frame 3 (Lambda=0.3)...
Generating Frame 4 (Lambda=0.4)...
Generating Frame 5 (Lambda=0.5)...
Generating Frame 6 (Lambda=0.6)...
Generating Frame 7 (Lambda=0.7)...
Creating 2D GIF...
2D GIF saved to Images/Summary_gif/alignment_animation_2d.gif
Generating 3D frames...
Generating Frame 0 (Lambda=0.0)...
Generating Frame 1 (Lambda=0.1)...
Generating Frame 2 (Lambda=0.2)...
Generating Frame 3 (Lambda=0.3)...
Generating Frame 4 (Lambda=0.4)...
Generating Frame 5 (Lambda=0.5)...
Generating Frame 6 (Lambda=0.6)...
Generating Frame 7 (Lambda=0.7)...
Creating 3D GIF...
3D GIF saved to Images/Summary_gif/alignment_animation_3d.gif
