Running plot_embedding_summary_mixed.py...
/gpfs/users/restrepoda/Embedding-Alignment/Embedding-Alignment/scripts/plot_embedding_summary_mixed.py:335: UserWarning: Tight layout not applied. The left and right margins cannot be made large enough to accommodate all Axes decorations.
  plt.tight_layout()
/gpfs/users/restrepoda/Embedding-Alignment/Embedding-Alignment/scripts/plot_embedding_summary_mixed.py:335: UserWarning: Tight layout not applied. The left and right margins cannot be made large enough to accommodate all Axes decorations.
  plt.tight_layout()
Plotting Mixed Grids...
Generating Mixed 4x4 2D Grid (plot_lines=True)...
Processing mimic - CLIP...
Loading embeddings from /gpfs/workdir/restrepoda/Embeddings_vlm/mimic/embeddings_clip.csv...
Processing mimic - SigLIP...
Loading embeddings from /gpfs/workdir/restrepoda/Embeddings_vlm/mimic/embeddings_siglip.csv...
Processing mimic - BioMedCLIP...
Loading embeddings from /gpfs/workdir/restrepoda/Embeddings_vlm/mimic/embeddings_biomedclip.csv...
Processing mimic - MedSigLIP...
Loading embeddings from /gpfs/workdir/restrepoda/Embeddings_vlm/mimic/embeddings_medsiglip.csv...
Processing mbrset - CLIP...
Loading embeddings from /gpfs/workdir/restrepoda/Embeddings_vlm/mbrset/embeddings_clip.csv...
Processing mbrset - SigLIP...
Loading embeddings from /gpfs/workdir/restrepoda/Embeddings_vlm/mbrset/embeddings_siglip.csv...
Processing mbrset - BioMedCLIP...
Loading embeddings from /gpfs/workdir/restrepoda/Embeddings_vlm/mbrset/embeddings_biomedclip.csv...
Processing mbrset - MedSigLIP...
Loading embeddings from /gpfs/workdir/restrepoda/Embeddings_vlm/mbrset/embeddings_medsiglip.csv...
Processing coco-qa - CLIP...
Loading embeddings from /gpfs/workdir/restrepoda/Embeddings_vlm/coco-qa/embeddings_clip.csv...
Processing coco-qa - SigLIP...
Loading embeddings from /gpfs/workdir/restrepoda/Embeddings_vlm/coco-qa/embeddings_siglip.csv...
Processing coco-qa - BioMedCLIP...
Loading embeddings from /gpfs/workdir/restrepoda/Embeddings_vlm/coco-qa/embeddings_biomedclip.csv...
Processing coco-qa - MedSigLIP...
Loading embeddings from /gpfs/workdir/restrepoda/Embeddings_vlm/coco-qa/embeddings_medsiglip.csv...
Processing fakeddit - CLIP...
Loading embeddings from /gpfs/workdir/restrepoda/Embeddings_vlm/fakeddit/embeddings_clip.csv...
Processing fakeddit - SigLIP...
Loading embeddings from /gpfs/workdir/restrepoda/Embeddings_vlm/fakeddit/embeddings_siglip.csv...
Processing fakeddit - BioMedCLIP...
Loading embeddings from /gpfs/workdir/restrepoda/Embeddings_vlm/fakeddit/embeddings_biomedclip.csv...
Processing fakeddit - MedSigLIP...
Loading embeddings from /gpfs/workdir/restrepoda/Embeddings_vlm/fakeddit/embeddings_medsiglip.csv...
Saved Images/Summary/Mixed_Datasets_Embedding_Grid_4x4_2d_with_lines.pdf
Generating Mixed 4x4 2D Grid (plot_lines=False)...
Processing mimic - CLIP...
Loading embeddings from /gpfs/workdir/restrepoda/Embeddings_vlm/mimic/embeddings_clip.csv...
Processing mimic - SigLIP...
Loading embeddings from /gpfs/workdir/restrepoda/Embeddings_vlm/mimic/embeddings_siglip.csv...
Processing mimic - BioMedCLIP...
Loading embeddings from /gpfs/workdir/restrepoda/Embeddings_vlm/mimic/embeddings_biomedclip.csv...
Processing mimic - MedSigLIP...
Loading embeddings from /gpfs/workdir/restrepoda/Embeddings_vlm/mimic/embeddings_medsiglip.csv...
Processing mbrset - CLIP...
Loading embeddings from /gpfs/workdir/restrepoda/Embeddings_vlm/mbrset/embeddings_clip.csv...
Processing mbrset - SigLIP...
Loading embeddings from /gpfs/workdir/restrepoda/Embeddings_vlm/mbrset/embeddings_siglip.csv...
Processing mbrset - BioMedCLIP...
Loading embeddings from /gpfs/workdir/restrepoda/Embeddings_vlm/mbrset/embeddings_biomedclip.csv...
Processing mbrset - MedSigLIP...
Loading embeddings from /gpfs/workdir/restrepoda/Embeddings_vlm/mbrset/embeddings_medsiglip.csv...
Processing coco-qa - CLIP...
Loading embeddings from /gpfs/workdir/restrepoda/Embeddings_vlm/coco-qa/embeddings_clip.csv...
Processing coco-qa - SigLIP...
Loading embeddings from /gpfs/workdir/restrepoda/Embeddings_vlm/coco-qa/embeddings_siglip.csv...
Processing coco-qa - BioMedCLIP...
Loading embeddings from /gpfs/workdir/restrepoda/Embeddings_vlm/coco-qa/embeddings_biomedclip.csv...
Processing coco-qa - MedSigLIP...
Loading embeddings from /gpfs/workdir/restrepoda/Embeddings_vlm/coco-qa/embeddings_medsiglip.csv...
Processing fakeddit - CLIP...
Loading embeddings from /gpfs/workdir/restrepoda/Embeddings_vlm/fakeddit/embeddings_clip.csv...
Processing fakeddit - SigLIP...
Loading embeddings from /gpfs/workdir/restrepoda/Embeddings_vlm/fakeddit/embeddings_siglip.csv...
Processing fakeddit - BioMedCLIP...
Loading embeddings from /gpfs/workdir/restrepoda/Embeddings_vlm/fakeddit/embeddings_biomedclip.csv...
Processing fakeddit - MedSigLIP...
Loading embeddings from /gpfs/workdir/restrepoda/Embeddings_vlm/fakeddit/embeddings_medsiglip.csv...
Saved Images/Summary/Mixed_Datasets_Embedding_Grid_4x4_2d.pdf
Generating Mixed 4x4 3D Grid (plot_lines=True)...
Processing mimic - CLIP...
Loading embeddings from /gpfs/workdir/restrepoda/Embeddings_vlm/mimic/embeddings_clip.csv...
Processing mimic - SigLIP...
Loading embeddings from /gpfs/workdir/restrepoda/Embeddings_vlm/mimic/embeddings_siglip.csv...
Processing mimic - BioMedCLIP...
Loading embeddings from /gpfs/workdir/restrepoda/Embeddings_vlm/mimic/embeddings_biomedclip.csv...
Processing mimic - MedSigLIP...
Loading embeddings from /gpfs/workdir/restrepoda/Embeddings_vlm/mimic/embeddings_medsiglip.csv...
Processing mbrset - CLIP...
Loading embeddings from /gpfs/workdir/restrepoda/Embeddings_vlm/mbrset/embeddings_clip.csv...
Processing mbrset - SigLIP...
Loading embeddings from /gpfs/workdir/restrepoda/Embeddings_vlm/mbrset/embeddings_siglip.csv...
Processing mbrset - BioMedCLIP...
Loading embeddings from /gpfs/workdir/restrepoda/Embeddings_vlm/mbrset/embeddings_biomedclip.csv...
Processing mbrset - MedSigLIP...
Loading embeddings from /gpfs/workdir/restrepoda/Embeddings_vlm/mbrset/embeddings_medsiglip.csv...
Processing coco-qa - CLIP...
Loading embeddings from /gpfs/workdir/restrepoda/Embeddings_vlm/coco-qa/embeddings_clip.csv...
Processing coco-qa - SigLIP...
Loading embeddings from /gpfs/workdir/restrepoda/Embeddings_vlm/coco-qa/embeddings_siglip.csv...
Processing coco-qa - BioMedCLIP...
Loading embeddings from /gpfs/workdir/restrepoda/Embeddings_vlm/coco-qa/embeddings_biomedclip.csv...
Processing coco-qa - MedSigLIP...
Loading embeddings from /gpfs/workdir/restrepoda/Embeddings_vlm/coco-qa/embeddings_medsiglip.csv...
Processing fakeddit - CLIP...
Loading embeddings from /gpfs/workdir/restrepoda/Embeddings_vlm/fakeddit/embeddings_clip.csv...
Processing fakeddit - SigLIP...
Loading embeddings from /gpfs/workdir/restrepoda/Embeddings_vlm/fakeddit/embeddings_siglip.csv...
Processing fakeddit - BioMedCLIP...
Loading embeddings from /gpfs/workdir/restrepoda/Embeddings_vlm/fakeddit/embeddings_biomedclip.csv...
Processing fakeddit - MedSigLIP...
Loading embeddings from /gpfs/workdir/restrepoda/Embeddings_vlm/fakeddit/embeddings_medsiglip.csv...
Saved Images/Summary/Mixed_Datasets_Embedding_Grid_4x4_3d_with_lines.pdf
Generating Mixed 4x4 3D Grid (plot_lines=False)...
Processing mimic - CLIP...
Loading embeddings from /gpfs/workdir/restrepoda/Embeddings_vlm/mimic/embeddings_clip.csv...
Processing mimic - SigLIP...
Loading embeddings from /gpfs/workdir/restrepoda/Embeddings_vlm/mimic/embeddings_siglip.csv...
Processing mimic - BioMedCLIP...
Loading embeddings from /gpfs/workdir/restrepoda/Embeddings_vlm/mimic/embeddings_biomedclip.csv...
Processing mimic - MedSigLIP...
Loading embeddings from /gpfs/workdir/restrepoda/Embeddings_vlm/mimic/embeddings_medsiglip.csv...
Processing mbrset - CLIP...
Loading embeddings from /gpfs/workdir/restrepoda/Embeddings_vlm/mbrset/embeddings_clip.csv...
Processing mbrset - SigLIP...
Loading embeddings from /gpfs/workdir/restrepoda/Embeddings_vlm/mbrset/embeddings_siglip.csv...
Processing mbrset - BioMedCLIP...
Loading embeddings from /gpfs/workdir/restrepoda/Embeddings_vlm/mbrset/embeddings_biomedclip.csv...
Processing mbrset - MedSigLIP...
Loading embeddings from /gpfs/workdir/restrepoda/Embeddings_vlm/mbrset/embeddings_medsiglip.csv...
Processing coco-qa - CLIP...
Loading embeddings from /gpfs/workdir/restrepoda/Embeddings_vlm/coco-qa/embeddings_clip.csv...
Processing coco-qa - SigLIP...
Loading embeddings from /gpfs/workdir/restrepoda/Embeddings_vlm/coco-qa/embeddings_siglip.csv...
Processing coco-qa - BioMedCLIP...
Loading embeddings from /gpfs/workdir/restrepoda/Embeddings_vlm/coco-qa/embeddings_biomedclip.csv...
Processing coco-qa - MedSigLIP...
Loading embeddings from /gpfs/workdir/restrepoda/Embeddings_vlm/coco-qa/embeddings_medsiglip.csv...
Processing fakeddit - CLIP...
Loading embeddings from /gpfs/workdir/restrepoda/Embeddings_vlm/fakeddit/embeddings_clip.csv...
Processing fakeddit - SigLIP...
Loading embeddings from /gpfs/workdir/restrepoda/Embeddings_vlm/fakeddit/embeddings_siglip.csv...
Processing fakeddit - BioMedCLIP...
Loading embeddings from /gpfs/workdir/restrepoda/Embeddings_vlm/fakeddit/embeddings_biomedclip.csv...
Processing fakeddit - MedSigLIP...
Loading embeddings from /gpfs/workdir/restrepoda/Embeddings_vlm/fakeddit/embeddings_medsiglip.csv...
Saved Images/Summary/Mixed_Datasets_Embedding_Grid_4x4_3d.pdf
